\BOOKMARK [0][-]{chapter.2}{\376\377\000I\000n\000t\000e\000l\000l\000i\000g\000e\000n\000t\000\040\000A\000g\000e\000n\000t\000s}{}% 1
\BOOKMARK [1][-]{section.2.1}{\376\377\000O\000v\000e\000r\000v\000i\000e\000w\000\040\000o\000f\000\040\000I\000n\000t\000e\000l\000l\000i\000g\000e\000n\000t\000\040\000A\000g\000e\000n\000t\000s}{chapter.2}% 2
\BOOKMARK [2][-]{subsection.2.1.1}{\376\377\000D\000e\000f\000i\000n\000i\000t\000i\000o\000n\000\040\000a\000n\000d\000\040\000C\000o\000r\000e\000\040\000C\000o\000n\000c\000e\000p\000t\000s}{section.2.1}% 3
\BOOKMARK [2][-]{subsection.2.1.2}{\376\377\000A\000g\000e\000n\000t\000\040\000F\000u\000n\000c\000t\000i\000o\000n\000s\000\040\000a\000n\000d\000\040\000A\000g\000e\000n\000t\000\040\000P\000r\000o\000g\000r\000a\000m\000s}{section.2.1}% 4
\BOOKMARK [1][-]{section.2.2}{\376\377\000R\000a\000t\000i\000o\000n\000a\000l\000i\000t\000y\000\040\000a\000n\000d\000\040\000A\000g\000e\000n\000t\000\040\000P\000e\000r\000f\000o\000r\000m\000a\000n\000c\000e}{chapter.2}% 5
\BOOKMARK [2][-]{subsection.2.2.1}{\376\377\000P\000e\000r\000f\000o\000r\000m\000a\000n\000c\000e\000\040\000M\000e\000a\000s\000u\000r\000e\000s}{section.2.2}% 6
\BOOKMARK [2][-]{subsection.2.2.2}{\376\377\000D\000e\000f\000i\000n\000i\000n\000g\000\040\000R\000a\000t\000i\000o\000n\000a\000l\000i\000t\000y}{section.2.2}% 7
\BOOKMARK [2][-]{subsection.2.2.3}{\376\377\000R\000a\000t\000i\000o\000n\000a\000l\000i\000t\000y\000\040\000v\000e\000r\000s\000u\000s\000\040\000O\000m\000n\000i\000s\000c\000i\000e\000n\000c\000e}{section.2.2}% 8
\BOOKMARK [2][-]{subsection.2.2.4}{\376\377\000A\000u\000t\000o\000n\000o\000m\000y\000\040\000a\000n\000d\000\040\000L\000e\000a\000r\000n\000i\000n\000g}{section.2.2}% 9
\BOOKMARK [1][-]{section.2.3}{\376\377\000T\000a\000s\000k\000\040\000E\000n\000v\000i\000r\000o\000n\000m\000e\000n\000t\000s\000\040\000a\000n\000d\000\040\000t\000h\000e\000\040\000P\000E\000A\000S\000\040\000F\000r\000a\000m\000e\000w\000o\000r\000k}{chapter.2}% 10
\BOOKMARK [2][-]{subsection.2.3.1}{\376\377\000T\000h\000e\000\040\000P\000E\000A\000S\000\040\000F\000r\000a\000m\000e\000w\000o\000r\000k}{section.2.3}% 11
\BOOKMARK [2][-]{subsection.2.3.2}{\376\377\000E\000n\000v\000i\000r\000o\000n\000m\000e\000n\000t\000\040\000P\000r\000o\000p\000e\000r\000t\000i\000e\000s}{section.2.3}% 12
\BOOKMARK [1][-]{section.2.4}{\376\377\000A\000g\000e\000n\000t\000\040\000A\000r\000c\000h\000i\000t\000e\000c\000t\000u\000r\000e\000s\000\040\000a\000n\000d\000\040\000P\000r\000o\000g\000r\000a\000m\000\040\000D\000e\000s\000i\000g\000n}{chapter.2}% 13
\BOOKMARK [2][-]{subsection.2.4.1}{\376\377\000S\000i\000m\000p\000l\000e\000\040\000R\000e\000f\000l\000e\000x\000\040\000A\000g\000e\000n\000t\000s}{section.2.4}% 14
\BOOKMARK [2][-]{subsection.2.4.2}{\376\377\000M\000o\000d\000e\000l\000-\000B\000a\000s\000e\000d\000\040\000R\000e\000f\000l\000e\000x\000\040\000A\000g\000e\000n\000t\000s}{section.2.4}% 15
\BOOKMARK [2][-]{subsection.2.4.3}{\376\377\000G\000o\000a\000l\000-\000B\000a\000s\000e\000d\000\040\000A\000g\000e\000n\000t\000s}{section.2.4}% 16
\BOOKMARK [2][-]{subsection.2.4.4}{\376\377\000U\000t\000i\000l\000i\000t\000y\000-\000B\000a\000s\000e\000d\000\040\000A\000g\000e\000n\000t\000s}{section.2.4}% 17
\BOOKMARK [2][-]{subsection.2.4.5}{\376\377\000L\000e\000a\000r\000n\000i\000n\000g\000\040\000A\000g\000e\000n\000t\000s}{section.2.4}% 18
\BOOKMARK [2][-]{subsection.2.4.6}{\376\377\000C\000o\000m\000p\000a\000r\000a\000t\000i\000v\000e\000\040\000A\000n\000a\000l\000y\000s\000i\000s\000\040\000o\000f\000\040\000A\000g\000e\000n\000t\000\040\000A\000r\000c\000h\000i\000t\000e\000c\000t\000u\000r\000e\000s}{section.2.4}% 19
\BOOKMARK [1][-]{section.2.5}{\376\377\000C\000o\000n\000c\000l\000u\000s\000i\000o\000n}{chapter.2}% 20
