\BOOKMARK [0][-]{chapter.5}{\376\377\000N\000a\000t\000u\000r\000a\000l\000\040\000L\000a\000n\000g\000u\000a\000g\000e\000\040\000P\000r\000o\000c\000e\000s\000s\000i\000n\000g}{}% 1
\BOOKMARK [1][-]{section.5.1}{\376\377\000I\000n\000t\000r\000o\000d\000u\000c\000t\000i\000o\000n\000\040\000t\000o\000\040\000N\000a\000t\000u\000r\000a\000l\000\040\000L\000a\000n\000g\000u\000a\000g\000e\000\040\000P\000r\000o\000c\000e\000s\000s\000i\000n\000g\000\040\000a\000n\000d\000\040\000U\000n\000d\000e\000r\000s\000t\000a\000n\000d\000i\000n\000g}{chapter.5}% 2
\BOOKMARK [2][-]{subsection.5.1.1}{\376\377\000D\000e\000f\000i\000n\000i\000n\000g\000\040\000N\000L\000P\000\040\000a\000n\000d\000\040\000N\000L\000U}{section.5.1}% 3
\BOOKMARK [2][-]{subsection.5.1.2}{\376\377\000K\000e\000y\000\040\000C\000h\000a\000l\000l\000e\000n\000g\000e\000s\000\040\000i\000n\000\040\000N\000a\000t\000u\000r\000a\000l\000\040\000L\000a\000n\000g\000u\000a\000g\000e\000\040\000P\000r\000o\000c\000e\000s\000s\000i\000n\000g}{section.5.1}% 4
\BOOKMARK [1][-]{section.5.2}{\376\377\000S\000y\000n\000t\000a\000c\000t\000i\000c\000\040\000a\000n\000d\000\040\000S\000e\000m\000a\000n\000t\000i\000c\000\040\000S\000t\000r\000u\000c\000t\000u\000r\000e\000s}{chapter.5}% 5
\BOOKMARK [2][-]{subsection.5.2.1}{\376\377\000L\000e\000v\000e\000l\000s\000\040\000o\000f\000\040\000L\000i\000n\000g\000u\000i\000s\000t\000i\000c\000\040\000A\000n\000a\000l\000y\000s\000i\000s}{section.5.2}% 6
\BOOKMARK [2][-]{subsection.5.2.2}{\376\377\000S\000y\000n\000t\000a\000c\000t\000i\000c\000\040\000P\000a\000r\000s\000i\000n\000g\000\040\000a\000n\000d\000\040\000C\000o\000n\000t\000e\000x\000t\000-\000F\000r\000e\000e\000\040\000G\000r\000a\000m\000m\000a\000r\000s}{section.5.2}% 7
\BOOKMARK [2][-]{subsection.5.2.3}{\376\377\000S\000e\000m\000a\000n\000t\000i\000c\000\040\000A\000n\000a\000l\000y\000s\000i\000s\000\040\000a\000n\000d\000\040\000R\000e\000p\000r\000e\000s\000e\000n\000t\000a\000t\000i\000o\000n}{section.5.2}% 8
\BOOKMARK [1][-]{section.5.3}{\376\377\000Q\000u\000e\000s\000t\000i\000o\000n\000\040\000A\000n\000s\000w\000e\000r\000i\000n\000g\000\040\000S\000y\000s\000t\000e\000m\000s}{chapter.5}% 9
\BOOKMARK [2][-]{subsection.5.3.1}{\376\377\000A\000r\000c\000h\000i\000t\000e\000c\000t\000u\000r\000e\000\040\000o\000f\000\040\000Q\000u\000e\000s\000t\000i\000o\000n\000\040\000A\000n\000s\000w\000e\000r\000i\000n\000g\000\040\000S\000y\000s\000t\000e\000m\000s}{section.5.3}% 10
\BOOKMARK [2][-]{subsection.5.3.2}{\376\377\000C\000o\000m\000p\000o\000n\000e\000n\000t\000s\000\040\000o\000f\000\040\000a\000\040\000Q\000u\000e\000s\000t\000i\000o\000n\000\040\000A\000n\000s\000w\000e\000r\000i\000n\000g\000\040\000P\000i\000p\000e\000l\000i\000n\000e}{section.5.3}% 11
\BOOKMARK [1][-]{section.5.4}{\376\377\000S\000e\000n\000t\000i\000m\000e\000n\000t\000\040\000A\000n\000a\000l\000y\000s\000i\000s}{chapter.5}% 12
\BOOKMARK [2][-]{subsection.5.4.1}{\376\377\000L\000e\000v\000e\000l\000s\000\040\000o\000f\000\040\000G\000r\000a\000n\000u\000l\000a\000r\000i\000t\000y}{section.5.4}% 13
\BOOKMARK [2][-]{subsection.5.4.2}{\376\377\000M\000e\000t\000h\000o\000d\000o\000l\000o\000g\000i\000c\000a\000l\000\040\000A\000p\000p\000r\000o\000a\000c\000h\000e\000s}{section.5.4}% 14
\BOOKMARK [1][-]{section.5.5}{\376\377\000M\000a\000c\000h\000i\000n\000e\000\040\000T\000r\000a\000n\000s\000l\000a\000t\000i\000o\000n}{chapter.5}% 15
\BOOKMARK [2][-]{subsection.5.5.1}{\376\377\000O\000v\000e\000r\000v\000i\000e\000w\000\040\000o\000f\000\040\000P\000a\000r\000a\000d\000i\000g\000m\000s}{section.5.5}% 16
\BOOKMARK [1][-]{section.5.6}{\376\377\000S\000p\000e\000e\000c\000h\000\040\000R\000e\000c\000o\000g\000n\000i\000t\000i\000o\000n}{chapter.5}% 17
\BOOKMARK [2][-]{subsection.5.6.1}{\376\377\000A\000c\000o\000u\000s\000t\000i\000c\000\040\000a\000n\000d\000\040\000L\000a\000n\000g\000u\000a\000g\000e\000\040\000M\000o\000d\000e\000l\000i\000n\000g}{section.5.6}% 18
\BOOKMARK [2][-]{subsection.5.6.2}{\376\377\000S\000p\000e\000e\000c\000h\000-\000t\000o\000-\000T\000e\000x\000t\000\040\000P\000r\000o\000c\000e\000s\000s\000i\000n\000g\000\040\000P\000i\000p\000e\000l\000i\000n\000e}{section.5.6}% 19
\BOOKMARK [1][-]{section.5.7}{\376\377\000S\000u\000m\000m\000a\000r\000y}{chapter.5}% 20
